
INFO This is an info message.
ERROR This is an info message.
INFO This is an info message.
ERROR This is an info message.
INFO This is an info message.
ERROR This is an info message.
2016-09-07 15:34:44 INFO This is an info message.
2016-09-07 15:34:44 ERROR This is an info message.